// Jest Snapshot v1, https://goo.gl/fbAQLP

exports[`Testing App component behavior Matches snapshot 1`] = `
<body>
  <div>
    <div
      class="app"
    >
      <h2>
        Give away
      </h2>
      <form
        class="form-container"
      >
        <div>
          <label
            for="giver-gift"
          >
            Giver:
          </label>
          <input
            aria-label="giver-input"
            class="input-gift"
            id="giver-gift"
            name="giver"
            value=""
          />
        </div>
        <div>
          <label
            for="receiver-gift"
          >
            Receiver:
          </label>
          <input
            aria-label="receiver-input"
            class="input-gift"
            id="receiver-gift"
            name="receiver"
            value=""
          />
        </div>
        <input
          type="submit"
          value="Save donation"
        />
      </form>
      <div
        class="empty-list"
      >
        <h2>
          There are no products to donate.
        </h2>
      </div>
    </div>
  </div>
</body>
`;
